\BOOKMARK [1][-]{section.1}{\376\377\000I\000n\000t\000r\000o\000d\000u\000c\000t\000i\000o\000n}{}% 1
\BOOKMARK [2][-]{subsection.1.1}{\376\377\000T\000h\000e\000o\000r\000e\000t\000i\000c\000a\000l\000\040\000F\000r\000a\000m\000e\000w\000o\000r\000k}{section.1}% 2
\BOOKMARK [3][-]{subsubsection.1.1.1}{\376\377\000U\000D\000P}{subsection.1.1}% 3
\BOOKMARK [3][-]{subsubsection.1.1.2}{\376\377\000T\000C\000P}{subsection.1.1}% 4
\BOOKMARK [3][-]{subsubsection.1.1.3}{\376\377\000D\000N\000S}{subsection.1.1}% 5
\BOOKMARK [3][-]{subsubsection.1.1.4}{\376\377\000T\000C\000P\000\040\000W\000i\000n\000d\000o\000w\000\040\000S\000i\000z\000e\000\040\000a\000n\000d\000\040\000F\000l\000o\000w\000\040\000C\000o\000n\000t\000r\000o\000l}{subsection.1.1}% 6
\BOOKMARK [3][-]{subsubsection.1.1.5}{\376\377\000D\000a\000t\000a\000g\000r\000a\000m\000\040\000L\000e\000n\000g\000t\000h\000\040\000a\000n\000d\000\040\000F\000r\000a\000g\000m\000e\000n\000t\000a\000t\000i\000o\000n}{subsection.1.1}% 7
\BOOKMARK [3][-]{subsubsection.1.1.6}{\376\377\000C\000h\000e\000c\000k\000s\000u\000m}{subsection.1.1}% 8
\BOOKMARK [3][-]{subsubsection.1.1.7}{\376\377\000T\000T\000L}{subsection.1.1}% 9
\BOOKMARK [3][-]{subsubsection.1.1.8}{\376\377\000I\000C\000M\000P}{subsection.1.1}% 10
\BOOKMARK [3][-]{subsubsection.1.1.9}{\376\377\000U\000n\000i\000c\000a\000s\000t\000,\000\040\000L\000o\000o\000p\000b\000a\000c\000k\000\040\000a\000n\000d\000\040\000B\000r\000o\000a\000d\000c\000a\000s\000t}{subsection.1.1}% 11
\BOOKMARK [3][-]{subsubsection.1.1.10}{\376\377\000D\000H\000C\000P}{subsection.1.1}% 12
\BOOKMARK [3][-]{subsubsection.1.1.11}{\376\377\000U\000D\000P\000\040\000F\000l\000o\000o\000d\000\040\000A\000t\000t\000a\000c\000k}{subsection.1.1}% 13
\BOOKMARK [3][-]{subsubsection.1.1.12}{\376\377\000D\000o\000S\000\040\000a\000n\000d\000\040\000D\000D\000o\000S}{subsection.1.1}% 14
\BOOKMARK [3][-]{subsubsection.1.1.13}{\376\377\000N\000e\000t\000c\000a\000t}{subsection.1.1}% 15
\BOOKMARK [3][-]{subsubsection.1.1.14}{\376\377\000W\000i\000r\000e\000s\000h\000a\000r\000k}{subsection.1.1}% 16
\BOOKMARK [2][-]{subsection.1.2}{\376\377\000S\000t\000a\000t\000e\000\040\000o\000f\000\040\000t\000h\000e\000\040\000A\000r\000t}{section.1}% 17
\BOOKMARK [1][-]{section.2}{\376\377\000D\000e\000v\000e\000l\000o\000p\000m\000e\000n\000t}{}% 18
\BOOKMARK [2][-]{subsection.2.1}{\376\377\000C\000h\000e\000c\000k\000p\000o\000i\000n\000t\000\040\0001\000:\000\040\000S\000i\000m\000p\000l\000e\000\040\000U\000D\000P\000\040\000C\000a\000p\000t\000u\000r\000e}{section.2}% 19
\BOOKMARK [2][-]{subsection.2.2}{\376\377\000C\000h\000e\000c\000k\000p\000o\000i\000n\000t\000\040\0002\000:\000\040\000U\000s\000i\000n\000g\000\040\000n\000s\000l\000o\000o\000k\000u\000p}{section.2}% 20
\BOOKMARK [2][-]{subsection.2.3}{\376\377\000C\000h\000e\000c\000k\000p\000o\000i\000n\000t\0003\000:\000\040\000P\000y\000t\000h\000o\000n\000\040\000U\000D\000P\000\040\000I\000m\000p\000l\000e\000m\000e\000n\000t\000a\000t\000i\000o\000n\000\040\000\050\000L\000o\000o\000p\000b\000a\000c\000k\000\051}{section.2}% 21
\BOOKMARK [2][-]{subsection.2.4}{\376\377\000C\000h\000e\000c\000k\000p\000o\000i\000n\000t\000\040\0004\000:\000\040\000P\000y\000t\000h\000o\000n\000\040\000U\000D\000P\000\040\000I\000m\000p\000l\000e\000m\000e\000n\000t\000a\000t\000i\000o\000n\000\040\000\050\000P\0002\000P\000\051}{section.2}% 22
\BOOKMARK [2][-]{subsection.2.5}{\376\377\000C\000h\000e\000c\000k\000p\000o\000i\000n\000t\000\040\0005}{section.2}% 23
\BOOKMARK [2][-]{subsection.2.6}{\376\377\000C\000h\000e\000c\000k\000p\000o\000i\000n\000t\000\040\0006}{section.2}% 24
\BOOKMARK [2][-]{subsection.2.7}{\376\377\000C\000h\000e\000c\000k\000p\000o\000i\000n\000t\000\040\0007}{section.2}% 25
\BOOKMARK [2][-]{subsection.2.8}{\376\377\000C\000h\000e\000c\000k\000p\000o\000i\000n\000t\000\040\0008}{section.2}% 26
\BOOKMARK [2][-]{subsection.2.9}{\376\377\000C\000h\000e\000c\000k\000p\000o\000i\000n\000t\000\040\0009\000:\000\040\000U\000D\000P\000\040\000V\000u\000l\000n\000e\000r\000a\000b\000i\000l\000i\000t\000i\000e\000s\000:\000\040\000S\000i\000m\000u\000l\000a\000t\000i\000n\000g\000\040\000a\000\040\000L\000o\000c\000a\000l\000\040\000D\000D\000o\000S\000\040\000\050\000U\000D\000P\000\040\000F\000l\000o\000o\000d\000\051}{section.2}% 27
\BOOKMARK [1][-]{section.3}{\376\377\000C\000o\000n\000c\000l\000u\000s\000i\000o\000n}{}% 28
\BOOKMARK [2][-]{subsection.3.1}{\376\377\000P\000r\000i\000m\000e\000r\000a\000\040\000e\000x\000p\000e\000r\000i\000e\000n\000c\000i\000a}{section.3}% 29
\BOOKMARK [2][-]{subsection.3.2}{\376\377\000S\000e\000g\000u\000n\000d\000a\000\040\000e\000x\000p\000e\000r\000i\000e\000n\000c\000i\000a}{section.3}% 30
\BOOKMARK [2][-]{subsection.3.3}{\376\377\000T\000e\000r\000c\000e\000r\000a\000\040\000e\000x\000p\000e\000r\000i\000e\000n\000c\000i\000a}{section.3}% 31
\BOOKMARK [2][-]{subsection.3.4}{\376\377\000Q\000u\000i\000n\000t\000a\000\040\000e\000x\000p\000e\000r\000i\000e\000n\000c\000i\000a}{section.3}% 32
\BOOKMARK [2][-]{subsection.3.5}{\376\377\000S\000e\000p\000t\000i\000m\000a\000\040\000e\000x\000p\000e\000r\000i\000e\000n\000c\000i\000a}{section.3}% 33
\BOOKMARK [1][-]{section*.2}{\376\377\000R\000e\000f\000e\000r\000e\000n\000c\000e\000s}{}% 34
